# Test Adding Two Separate Nodes to Graph
# Testing that more than one node can be added to graph

# Create a graph
created graph newGraph

# Add two nodes to graph
added firstNode to newGraph
added secondNode to newGraph

# Check if graph contains both nodes
newGraph contains: firstNode secondNode